Nothing to build in platform 'psd_fpga_platform'

15:10:37 **** Clean-only build of configuration Debug for project psd_fpga_app ****
make clean 
rm -rf ./src/config_routines.o ./src/event.o ./src/gpio.o ./src/i2c.o ./src/main.o ./src/self_test.o ./src/str_utils.o ./src/timer.o ./src/uart.o ./src/config_routines.d ./src/event.d ./src/gpio.d ./src/i2c.d ./src/main.d ./src/self_test.d ./src/str_utils.d ./src/timer.d ./src/uart.d psd_fpga_app.elf.size  psd_fpga_app.elf
 
15:10:37 **** Build of configuration Debug for project psd_fpga_app ****
make all 
Building file: ../src/config_routines.c
Invoking: MicroBlaze gcc compiler
mb-gcc -Wall -O0 -g3 -c -fmessage-length=0 -MT"src/config_routines.o" -I/home/prince/Vivado_projects/Trenz-Projects/psd_fpga_gle_2_oct_2024/psd_fpga.all_src/vitis_project/psd_fpga_platform/export/psd_fpga_platform/sw/psd_fpga_platform/standalone_domain/bspinclude/include -mlittle-endian -mxl-barrel-shift -mxl-pattern-compare -mno-xl-soft-div -mcpu=v11.0 -mno-xl-soft-mul -Wl,--no-relax -ffunction-sections -fdata-sections -MMD -MP -MF"src/config_routines.d" -MT"src/config_routines.o" -o "src/config_routines.o" "../src/config_routines.c"
../src/config_routines.c: In function 'get_token':
../src/config_routines.c:207:17: warning: variable 'isDAC' set but not used [-Wunused-but-set-variable]
  207 |         bool    isDAC = true ;
      |                 ^~~~~
../src/config_routines.c:205:17: warning: unused variable 'isDEB' [-Wunused-variable]
  205 |         bool    isDEB = true ;
      |                 ^~~~~
../src/config_routines.c:204:17: warning: variable 'isRST' set but not used [-Wunused-but-set-variable]
  204 |         bool    isRST = true ;
      |                 ^~~~~
Finished building: ../src/config_routines.c
 
Building file: ../src/event.c
Invoking: MicroBlaze gcc compiler
mb-gcc -Wall -O0 -g3 -c -fmessage-length=0 -MT"src/event.o" -I/home/prince/Vivado_projects/Trenz-Projects/psd_fpga_gle_2_oct_2024/psd_fpga.all_src/vitis_project/psd_fpga_platform/export/psd_fpga_platform/sw/psd_fpga_platform/standalone_domain/bspinclude/include -mlittle-endian -mxl-barrel-shift -mxl-pattern-compare -mno-xl-soft-div -mcpu=v11.0 -mno-xl-soft-mul -Wl,--no-relax -ffunction-sections -fdata-sections -MMD -MP -MF"src/event.d" -MT"src/event.o" -o "src/event.o" "../src/event.c"
Finished building: ../src/event.c
 
Building file: ../src/gpio.c
Invoking: MicroBlaze gcc compiler
mb-gcc -Wall -O0 -g3 -c -fmessage-length=0 -MT"src/gpio.o" -I/home/prince/Vivado_projects/Trenz-Projects/psd_fpga_gle_2_oct_2024/psd_fpga.all_src/vitis_project/psd_fpga_platform/export/psd_fpga_platform/sw/psd_fpga_platform/standalone_domain/bspinclude/include -mlittle-endian -mxl-barrel-shift -mxl-pattern-compare -mno-xl-soft-div -mcpu=v11.0 -mno-xl-soft-mul -Wl,--no-relax -ffunction-sections -fdata-sections -MMD -MP -MF"src/gpio.d" -MT"src/gpio.o" -o "src/gpio.o" "../src/gpio.c"
Finished building: ../src/gpio.c
 
Building file: ../src/i2c.c
Invoking: MicroBlaze gcc compiler
mb-gcc -Wall -O0 -g3 -c -fmessage-length=0 -MT"src/i2c.o" -I/home/prince/Vivado_projects/Trenz-Projects/psd_fpga_gle_2_oct_2024/psd_fpga.all_src/vitis_project/psd_fpga_platform/export/psd_fpga_platform/sw/psd_fpga_platform/standalone_domain/bspinclude/include -mlittle-endian -mxl-barrel-shift -mxl-pattern-compare -mno-xl-soft-div -mcpu=v11.0 -mno-xl-soft-mul -Wl,--no-relax -ffunction-sections -fdata-sections -MMD -MP -MF"src/i2c.d" -MT"src/i2c.o" -o "src/i2c.o" "../src/i2c.c"
Finished building: ../src/i2c.c
 
Building file: ../src/main.c
Invoking: MicroBlaze gcc compiler
mb-gcc -Wall -O0 -g3 -c -fmessage-length=0 -MT"src/main.o" -I/home/prince/Vivado_projects/Trenz-Projects/psd_fpga_gle_2_oct_2024/psd_fpga.all_src/vitis_project/psd_fpga_platform/export/psd_fpga_platform/sw/psd_fpga_platform/standalone_domain/bspinclude/include -mlittle-endian -mxl-barrel-shift -mxl-pattern-compare -mno-xl-soft-div -mcpu=v11.0 -mno-xl-soft-mul -Wl,--no-relax -ffunction-sections -fdata-sections -MMD -MP -MF"src/main.d" -MT"src/main.o" -o "src/main.o" "../src/main.c"
Finished building: ../src/main.c
 
Building file: ../src/self_test.c
Invoking: MicroBlaze gcc compiler
mb-gcc -Wall -O0 -g3 -c -fmessage-length=0 -MT"src/self_test.o" -I/home/prince/Vivado_projects/Trenz-Projects/psd_fpga_gle_2_oct_2024/psd_fpga.all_src/vitis_project/psd_fpga_platform/export/psd_fpga_platform/sw/psd_fpga_platform/standalone_domain/bspinclude/include -mlittle-endian -mxl-barrel-shift -mxl-pattern-compare -mno-xl-soft-div -mcpu=v11.0 -mno-xl-soft-mul -Wl,--no-relax -ffunction-sections -fdata-sections -MMD -MP -MF"src/self_test.d" -MT"src/self_test.o" -o "src/self_test.o" "../src/self_test.c"
Finished building: ../src/self_test.c
 
Building file: ../src/str_utils.c
Invoking: MicroBlaze gcc compiler
mb-gcc -Wall -O0 -g3 -c -fmessage-length=0 -MT"src/str_utils.o" -I/home/prince/Vivado_projects/Trenz-Projects/psd_fpga_gle_2_oct_2024/psd_fpga.all_src/vitis_project/psd_fpga_platform/export/psd_fpga_platform/sw/psd_fpga_platform/standalone_domain/bspinclude/include -mlittle-endian -mxl-barrel-shift -mxl-pattern-compare -mno-xl-soft-div -mcpu=v11.0 -mno-xl-soft-mul -Wl,--no-relax -ffunction-sections -fdata-sections -MMD -MP -MF"src/str_utils.d" -MT"src/str_utils.o" -o "src/str_utils.o" "../src/str_utils.c"
Finished building: ../src/str_utils.c
 
Building file: ../src/timer.c
Invoking: MicroBlaze gcc compiler
mb-gcc -Wall -O0 -g3 -c -fmessage-length=0 -MT"src/timer.o" -I/home/prince/Vivado_projects/Trenz-Projects/psd_fpga_gle_2_oct_2024/psd_fpga.all_src/vitis_project/psd_fpga_platform/export/psd_fpga_platform/sw/psd_fpga_platform/standalone_domain/bspinclude/include -mlittle-endian -mxl-barrel-shift -mxl-pattern-compare -mno-xl-soft-div -mcpu=v11.0 -mno-xl-soft-mul -Wl,--no-relax -ffunction-sections -fdata-sections -MMD -MP -MF"src/timer.d" -MT"src/timer.o" -o "src/timer.o" "../src/timer.c"
Finished building: ../src/timer.c
 
Building file: ../src/uart.c
Invoking: MicroBlaze gcc compiler
mb-gcc -Wall -O0 -g3 -c -fmessage-length=0 -MT"src/uart.o" -I/home/prince/Vivado_projects/Trenz-Projects/psd_fpga_gle_2_oct_2024/psd_fpga.all_src/vitis_project/psd_fpga_platform/export/psd_fpga_platform/sw/psd_fpga_platform/standalone_domain/bspinclude/include -mlittle-endian -mxl-barrel-shift -mxl-pattern-compare -mno-xl-soft-div -mcpu=v11.0 -mno-xl-soft-mul -Wl,--no-relax -ffunction-sections -fdata-sections -MMD -MP -MF"src/uart.d" -MT"src/uart.o" -o "src/uart.o" "../src/uart.c"
Finished building: ../src/uart.c
 
Building target: psd_fpga_app.elf
Invoking: MicroBlaze gcc linker
mb-gcc -Wl,-T -Wl,../src/lscript.ld -L/home/prince/Vivado_projects/Trenz-Projects/psd_fpga_gle_2_oct_2024/psd_fpga.all_src/vitis_project/psd_fpga_platform/export/psd_fpga_platform/sw/psd_fpga_platform/standalone_domain/bsplib/lib -mlittle-endian -mxl-barrel-shift -mxl-pattern-compare -mno-xl-soft-div -mcpu=v11.0 -mno-xl-soft-mul -Wl,--no-relax -Wl,--gc-sections -o "psd_fpga_app.elf" ./src/config_routines.o ./src/event.o ./src/gpio.o ./src/i2c.o ./src/main.o ./src/self_test.o ./src/str_utils.o ./src/timer.o ./src/uart.o   -Wl,--start-group,-lxil,-lgcc,-lc,--end-group
Finished building target: psd_fpga_app.elf
 
Invoking: MicroBlaze Print Size
mb-size psd_fpga_app.elf  |tee "psd_fpga_app.elf.size"
   text	   data	    bss	    dec	    hex	filename
  15848	    356	   3532	  19736	   4d18	psd_fpga_app.elf
Finished building: psd_fpga_app.elf.size
 
